SYNTAX ERROR: expected ERROR but found gohan
